// Jest Snapshot v1, https://goo.gl/fbAQLP

exports[`DynamicFormContainer Component 1`] = `
<div>
  <h2
    className="text-2xl font-medium"
  >
    Form
  </h2>
  <form
    action="#"
    noValidate={true}
    onReset={[Function]}
    onSubmit={[Function]}
  >
    <div>
      <label
        className="label_field"
      >
        Full Name
      </label>
      <input
        className="input_field"
        name="name"
        onBlur={[Function]}
        onChange={[Function]}
        placeholder="Full Name"
        type="text"
        value=""
      />
    </div>
    <div>
      <label
        className="label_field"
      >
        E-mail
      </label>
      <input
        className="input_field"
        name="email"
        onBlur={[Function]}
        onChange={[Function]}
        placeholder="E-mail"
        type="email"
        value=""
      />
    </div>
    <div>
      <label
        className="label_field"
      >
        Password
      </label>
      <input
        className="input_field"
        name="password"
        onBlur={[Function]}
        onChange={[Function]}
        placeholder="*******"
        type="password"
        value=""
      />
    </div>
    <button
      className="send_button"
      style={
        Object {
          "background": "#2980B9",
        }
      }
      type="submit"
    >
      SEND
    </button>
  </form>
</div>
`;
